// Jest Snapshot v1, https://goo.gl/fbAQLP

exports[`renders content correctly 1`] = `
ShallowWrapper {
  Symbol(enzyme.__root__): [Circular],
  Symbol(enzyme.__unrendered__): <Massages />,
  Symbol(enzyme.__renderer__): Object {
    "batchedUpdates": [Function],
    "getNode": [Function],
    "render": [Function],
    "simulateError": [Function],
    "simulateEvent": [Function],
    "unmount": [Function],
  },
  Symbol(enzyme.__node__): Object {
    "instance": null,
    "key": undefined,
    "nodeType": "host",
    "props": Object {
      "children": Array [
        <InfoAlert
          onClose={[Function]}
        >
          On this page you can view all upcoming massages. To view details about or register a massage click on the appropriate event in the calendar below.
        </InfoAlert>,
        <div
          className="my-3"
        >
          <div>
            <Nav
              className="mb-1 mt-4"
              tabs={true}
              tag="ul"
              vertical={false}
            >
              <Tab
                active={true}
                label="test"
                onClick={[Function]}
                onRemoveClick={null}
              />
              <span
                style={
                  Object {
                    "width": "100%",
                  }
                }
              >
                <span
                  className="float-right"
                >
                  <div
                    style={
                      Object {
                        "marginLeft": "2.2em",
                        "marginTop": "-3em",
                      }
                    }
                  >
                    <TooltipButton
                      active={true}
                      disabled={false}
                      label="Show all"
                      onClick={[Function]}
                      outline={true}
                      tooltip="Show massages already taken by someone else"
                    />
                  </div>
                  <div
                    className="loader"
                    style={
                      Object {
                        "marginTop": "-1.9em",
                      }
                    }
                  />
                </span>
              </span>
            </Nav>
            <Row
              className="mt-3"
              tag="div"
            >
              <Col
                md="6"
                tag="div"
                widths={
                  Array [
                    "xs",
                    "sm",
                    "md",
                    "lg",
                    "xl",
                  ]
                }
              >
                <MassageModal
                  active={false}
                  clientTooltips={Array []}
                  clients={Array []}
                  facilityId={1}
                  massage={null}
                  masseuseTooltips={Array []}
                  masseuses={Array []}
                  onToggle={[Function]}
                  withPortal={true}
                />
                <MassageScheduleModal
                  active={false}
                  className="ml-2"
                  facilityId={1}
                  masseuseTooltips={Array []}
                  masseuses={Array []}
                  onToggle={[Function]}
                  withPortal={true}
                />
              </Col>
              <Col
                className="text-right"
                md="6"
                tag="div"
                widths={
                  Array [
                    "xs",
                    "sm",
                    "md",
                    "lg",
                    "xl",
                  ]
                }
              >
                <TooltipButton
                  active={false}
                  className="mr-2"
                  disabled={false}
                  label="Select"
                  onClick={[Function]}
                  outline={true}
                  tooltip="Select multiple massages for batch operations"
                />
                <ConfirmationButton
                  dialogMessage="Are you sure? This action cannot be reverted."
                  disabled={true}
                  label="Delete selected"
                  onConfirm={[Function]}
                  tooltip="Delete selected massages"
                />
              </Col>
            </Row>
            <CalendarPanel
              activeEventTooltip={null}
              allowEditation={true}
              events={Array []}
              massageMinutes={Object {}}
              onAdd={[Function]}
              onAssign={[Function]}
              onCancel={[Function]}
              onDateChange={[Function]}
              onDelete={[Function]}
              onEdit={[Function]}
              onMultiSelect={[Function]}
              onSelect={[Function]}
              onTooltipTrigger={[Function]}
              selectEvents={false}
              selected={Array []}
            />
          </div>
        </div>,
      ],
    },
    "ref": null,
    "rendered": Array [
      Object {
        "instance": null,
        "key": undefined,
        "nodeType": "function",
        "props": Object {
          "children": "On this page you can view all upcoming massages. To view details about or register a massage click on the appropriate event in the calendar below.",
          "onClose": [Function],
        },
        "ref": null,
        "rendered": "On this page you can view all upcoming massages. To view details about or register a massage click on the appropriate event in the calendar below.",
        "type": [Function],
      },
      Object {
        "instance": null,
        "key": undefined,
        "nodeType": "host",
        "props": Object {
          "children": <div>
            <Nav
              className="mb-1 mt-4"
              tabs={true}
              tag="ul"
              vertical={false}
            >
              <Tab
                active={true}
                label="test"
                onClick={[Function]}
                onRemoveClick={null}
              />
              <span
                style={
                  Object {
                    "width": "100%",
                  }
                }
              >
                <span
                  className="float-right"
                >
                  <div
                    style={
                      Object {
                        "marginLeft": "2.2em",
                        "marginTop": "-3em",
                      }
                    }
                  >
                    <TooltipButton
                      active={true}
                      disabled={false}
                      label="Show all"
                      onClick={[Function]}
                      outline={true}
                      tooltip="Show massages already taken by someone else"
                    />
                  </div>
                  <div
                    className="loader"
                    style={
                      Object {
                        "marginTop": "-1.9em",
                      }
                    }
                  />
                </span>
              </span>
            </Nav>
            <Row
              className="mt-3"
              tag="div"
            >
              <Col
                md="6"
                tag="div"
                widths={
                  Array [
                    "xs",
                    "sm",
                    "md",
                    "lg",
                    "xl",
                  ]
                }
              >
                <MassageModal
                  active={false}
                  clientTooltips={Array []}
                  clients={Array []}
                  facilityId={1}
                  massage={null}
                  masseuseTooltips={Array []}
                  masseuses={Array []}
                  onToggle={[Function]}
                  withPortal={true}
                />
                <MassageScheduleModal
                  active={false}
                  className="ml-2"
                  facilityId={1}
                  masseuseTooltips={Array []}
                  masseuses={Array []}
                  onToggle={[Function]}
                  withPortal={true}
                />
              </Col>
              <Col
                className="text-right"
                md="6"
                tag="div"
                widths={
                  Array [
                    "xs",
                    "sm",
                    "md",
                    "lg",
                    "xl",
                  ]
                }
              >
                <TooltipButton
                  active={false}
                  className="mr-2"
                  disabled={false}
                  label="Select"
                  onClick={[Function]}
                  outline={true}
                  tooltip="Select multiple massages for batch operations"
                />
                <ConfirmationButton
                  dialogMessage="Are you sure? This action cannot be reverted."
                  disabled={true}
                  label="Delete selected"
                  onConfirm={[Function]}
                  tooltip="Delete selected massages"
                />
              </Col>
            </Row>
            <CalendarPanel
              activeEventTooltip={null}
              allowEditation={true}
              events={Array []}
              massageMinutes={Object {}}
              onAdd={[Function]}
              onAssign={[Function]}
              onCancel={[Function]}
              onDateChange={[Function]}
              onDelete={[Function]}
              onEdit={[Function]}
              onMultiSelect={[Function]}
              onSelect={[Function]}
              onTooltipTrigger={[Function]}
              selectEvents={false}
              selected={Array []}
            />
          </div>,
          "className": "my-3",
        },
        "ref": null,
        "rendered": Object {
          "instance": null,
          "key": undefined,
          "nodeType": "host",
          "props": Object {
            "children": Array [
              <Nav
                className="mb-1 mt-4"
                tabs={true}
                tag="ul"
                vertical={false}
              >
                <Tab
                  active={true}
                  label="test"
                  onClick={[Function]}
                  onRemoveClick={null}
                />
                <span
                  style={
                    Object {
                      "width": "100%",
                    }
                  }
                >
                  <span
                    className="float-right"
                  >
                    <div
                      style={
                        Object {
                          "marginLeft": "2.2em",
                          "marginTop": "-3em",
                        }
                      }
                    >
                      <TooltipButton
                        active={true}
                        disabled={false}
                        label="Show all"
                        onClick={[Function]}
                        outline={true}
                        tooltip="Show massages already taken by someone else"
                      />
                    </div>
                    <div
                      className="loader"
                      style={
                        Object {
                          "marginTop": "-1.9em",
                        }
                      }
                    />
                  </span>
                </span>
              </Nav>,
              <Row
                className="mt-3"
                tag="div"
              >
                <Col
                  md="6"
                  tag="div"
                  widths={
                    Array [
                      "xs",
                      "sm",
                      "md",
                      "lg",
                      "xl",
                    ]
                  }
                >
                  <MassageModal
                    active={false}
                    clientTooltips={Array []}
                    clients={Array []}
                    facilityId={1}
                    massage={null}
                    masseuseTooltips={Array []}
                    masseuses={Array []}
                    onToggle={[Function]}
                    withPortal={true}
                  />
                  <MassageScheduleModal
                    active={false}
                    className="ml-2"
                    facilityId={1}
                    masseuseTooltips={Array []}
                    masseuses={Array []}
                    onToggle={[Function]}
                    withPortal={true}
                  />
                </Col>
                <Col
                  className="text-right"
                  md="6"
                  tag="div"
                  widths={
                    Array [
                      "xs",
                      "sm",
                      "md",
                      "lg",
                      "xl",
                    ]
                  }
                >
                  <TooltipButton
                    active={false}
                    className="mr-2"
                    disabled={false}
                    label="Select"
                    onClick={[Function]}
                    outline={true}
                    tooltip="Select multiple massages for batch operations"
                  />
                  <ConfirmationButton
                    dialogMessage="Are you sure? This action cannot be reverted."
                    disabled={true}
                    label="Delete selected"
                    onConfirm={[Function]}
                    tooltip="Delete selected massages"
                  />
                </Col>
              </Row>,
              <CalendarPanel
                activeEventTooltip={null}
                allowEditation={true}
                events={Array []}
                massageMinutes={Object {}}
                onAdd={[Function]}
                onAssign={[Function]}
                onCancel={[Function]}
                onDateChange={[Function]}
                onDelete={[Function]}
                onEdit={[Function]}
                onMultiSelect={[Function]}
                onSelect={[Function]}
                onTooltipTrigger={[Function]}
                selectEvents={false}
                selected={Array []}
              />,
            ],
          },
          "ref": null,
          "rendered": Array [
            Object {
              "instance": null,
              "key": undefined,
              "nodeType": "function",
              "props": Object {
                "children": Array [
                  Array [
                    <Tab
                      active={true}
                      label="test"
                      onClick={[Function]}
                      onRemoveClick={null}
                    />,
                  ],
                  <span
                    style={
                      Object {
                        "width": "100%",
                      }
                    }
                  >
                    <span
                      className="float-right"
                    >
                      <div
                        style={
                          Object {
                            "marginLeft": "2.2em",
                            "marginTop": "-3em",
                          }
                        }
                      >
                        <TooltipButton
                          active={true}
                          disabled={false}
                          label="Show all"
                          onClick={[Function]}
                          outline={true}
                          tooltip="Show massages already taken by someone else"
                        />
                      </div>
                      <div
                        className="loader"
                        style={
                          Object {
                            "marginTop": "-1.9em",
                          }
                        }
                      />
                    </span>
                  </span>,
                ],
                "className": "mb-1 mt-4",
                "tabs": true,
                "tag": "ul",
                "vertical": false,
              },
              "ref": null,
              "rendered": Array [
                Object {
                  "instance": null,
                  "key": "1",
                  "nodeType": "class",
                  "props": Object {
                    "active": true,
                    "label": "test",
                    "onClick": [Function],
                    "onRemoveClick": null,
                  },
                  "ref": null,
                  "rendered": null,
                  "type": [Function],
                },
                Object {
                  "instance": null,
                  "key": undefined,
                  "nodeType": "host",
                  "props": Object {
                    "children": <span
                      className="float-right"
                    >
                      <div
                        style={
                          Object {
                            "marginLeft": "2.2em",
                            "marginTop": "-3em",
                          }
                        }
                      >
                        <TooltipButton
                          active={true}
                          disabled={false}
                          label="Show all"
                          onClick={[Function]}
                          outline={true}
                          tooltip="Show massages already taken by someone else"
                        />
                      </div>
                      <div
                        className="loader"
                        style={
                          Object {
                            "marginTop": "-1.9em",
                          }
                        }
                      />
                    </span>,
                    "style": Object {
                      "width": "100%",
                    },
                  },
                  "ref": null,
                  "rendered": Object {
                    "instance": null,
                    "key": undefined,
                    "nodeType": "host",
                    "props": Object {
                      "children": Array [
                        <div
                          style={
                            Object {
                              "marginLeft": "2.2em",
                              "marginTop": "-3em",
                            }
                          }
                        >
                          <TooltipButton
                            active={true}
                            disabled={false}
                            label="Show all"
                            onClick={[Function]}
                            outline={true}
                            tooltip="Show massages already taken by someone else"
                          />
                        </div>,
                        <div
                          className="loader"
                          style={
                            Object {
                              "marginTop": "-1.9em",
                            }
                          }
                        />,
                      ],
                      "className": "float-right",
                    },
                    "ref": null,
                    "rendered": Array [
                      Object {
                        "instance": null,
                        "key": undefined,
                        "nodeType": "host",
                        "props": Object {
                          "children": <TooltipButton
                            active={true}
                            disabled={false}
                            label="Show all"
                            onClick={[Function]}
                            outline={true}
                            tooltip="Show massages already taken by someone else"
                          />,
                          "style": Object {
                            "marginLeft": "2.2em",
                            "marginTop": "-3em",
                          },
                        },
                        "ref": null,
                        "rendered": Object {
                          "instance": null,
                          "key": undefined,
                          "nodeType": "class",
                          "props": Object {
                            "active": true,
                            "disabled": false,
                            "label": "Show all",
                            "onClick": [Function],
                            "outline": true,
                            "tooltip": "Show massages already taken by someone else",
                          },
                          "ref": null,
                          "rendered": null,
                          "type": [Function],
                        },
                        "type": "div",
                      },
                      Object {
                        "instance": null,
                        "key": undefined,
                        "nodeType": "host",
                        "props": Object {
                          "className": "loader",
                          "style": Object {
                            "marginTop": "-1.9em",
                          },
                        },
                        "ref": null,
                        "rendered": null,
                        "type": "div",
                      },
                    ],
                    "type": "span",
                  },
                  "type": "span",
                },
              ],
              "type": [Function],
            },
            Object {
              "instance": null,
              "key": undefined,
              "nodeType": "function",
              "props": Object {
                "children": Array [
                  <Col
                    md="6"
                    tag="div"
                    widths={
                      Array [
                        "xs",
                        "sm",
                        "md",
                        "lg",
                        "xl",
                      ]
                    }
                  >
                    <MassageModal
                      active={false}
                      clientTooltips={Array []}
                      clients={Array []}
                      facilityId={1}
                      massage={null}
                      masseuseTooltips={Array []}
                      masseuses={Array []}
                      onToggle={[Function]}
                      withPortal={true}
                    />
                    <MassageScheduleModal
                      active={false}
                      className="ml-2"
                      facilityId={1}
                      masseuseTooltips={Array []}
                      masseuses={Array []}
                      onToggle={[Function]}
                      withPortal={true}
                    />
                  </Col>,
                  <Col
                    className="text-right"
                    md="6"
                    tag="div"
                    widths={
                      Array [
                        "xs",
                        "sm",
                        "md",
                        "lg",
                        "xl",
                      ]
                    }
                  >
                    <TooltipButton
                      active={false}
                      className="mr-2"
                      disabled={false}
                      label="Select"
                      onClick={[Function]}
                      outline={true}
                      tooltip="Select multiple massages for batch operations"
                    />
                    <ConfirmationButton
                      dialogMessage="Are you sure? This action cannot be reverted."
                      disabled={true}
                      label="Delete selected"
                      onConfirm={[Function]}
                      tooltip="Delete selected massages"
                    />
                  </Col>,
                ],
                "className": "mt-3",
                "tag": "div",
              },
              "ref": null,
              "rendered": Array [
                Object {
                  "instance": null,
                  "key": undefined,
                  "nodeType": "function",
                  "props": Object {
                    "children": Array [
                      <MassageModal
                        active={false}
                        clientTooltips={Array []}
                        clients={Array []}
                        facilityId={1}
                        massage={null}
                        masseuseTooltips={Array []}
                        masseuses={Array []}
                        onToggle={[Function]}
                        withPortal={true}
                      />,
                      <MassageScheduleModal
                        active={false}
                        className="ml-2"
                        facilityId={1}
                        masseuseTooltips={Array []}
                        masseuses={Array []}
                        onToggle={[Function]}
                        withPortal={true}
                      />,
                    ],
                    "md": "6",
                    "tag": "div",
                    "widths": Array [
                      "xs",
                      "sm",
                      "md",
                      "lg",
                      "xl",
                    ],
                  },
                  "ref": null,
                  "rendered": Array [
                    Object {
                      "instance": null,
                      "key": undefined,
                      "nodeType": "class",
                      "props": Object {
                        "active": false,
                        "clientTooltips": Array [],
                        "clients": Array [],
                        "facilityId": 1,
                        "massage": null,
                        "masseuseTooltips": Array [],
                        "masseuses": Array [],
                        "onToggle": [Function],
                        "withPortal": true,
                      },
                      "ref": null,
                      "rendered": null,
                      "type": [Function],
                    },
                    Object {
                      "instance": null,
                      "key": undefined,
                      "nodeType": "class",
                      "props": Object {
                        "active": false,
                        "className": "ml-2",
                        "facilityId": 1,
                        "masseuseTooltips": Array [],
                        "masseuses": Array [],
                        "onToggle": [Function],
                        "withPortal": true,
                      },
                      "ref": null,
                      "rendered": null,
                      "type": [Function],
                    },
                  ],
                  "type": [Function],
                },
                Object {
                  "instance": null,
                  "key": undefined,
                  "nodeType": "function",
                  "props": Object {
                    "children": Array [
                      <TooltipButton
                        active={false}
                        className="mr-2"
                        disabled={false}
                        label="Select"
                        onClick={[Function]}
                        outline={true}
                        tooltip="Select multiple massages for batch operations"
                      />,
                      <ConfirmationButton
                        dialogMessage="Are you sure? This action cannot be reverted."
                        disabled={true}
                        label="Delete selected"
                        onConfirm={[Function]}
                        tooltip="Delete selected massages"
                      />,
                    ],
                    "className": "text-right",
                    "md": "6",
                    "tag": "div",
                    "widths": Array [
                      "xs",
                      "sm",
                      "md",
                      "lg",
                      "xl",
                    ],
                  },
                  "ref": null,
                  "rendered": Array [
                    Object {
                      "instance": null,
                      "key": undefined,
                      "nodeType": "class",
                      "props": Object {
                        "active": false,
                        "className": "mr-2",
                        "disabled": false,
                        "label": "Select",
                        "onClick": [Function],
                        "outline": true,
                        "tooltip": "Select multiple massages for batch operations",
                      },
                      "ref": null,
                      "rendered": null,
                      "type": [Function],
                    },
                    Object {
                      "instance": null,
                      "key": undefined,
                      "nodeType": "class",
                      "props": Object {
                        "dialogMessage": "Are you sure? This action cannot be reverted.",
                        "disabled": true,
                        "label": "Delete selected",
                        "onConfirm": [Function],
                        "tooltip": "Delete selected massages",
                      },
                      "ref": null,
                      "rendered": null,
                      "type": [Function],
                    },
                  ],
                  "type": [Function],
                },
              ],
              "type": [Function],
            },
            Object {
              "instance": null,
              "key": undefined,
              "nodeType": "class",
              "props": Object {
                "activeEventTooltip": null,
                "allowEditation": true,
                "events": Array [],
                "massageMinutes": Object {},
                "onAdd": [Function],
                "onAssign": [Function],
                "onCancel": [Function],
                "onDateChange": [Function],
                "onDelete": [Function],
                "onEdit": [Function],
                "onMultiSelect": [Function],
                "onSelect": [Function],
                "onTooltipTrigger": [Function],
                "selectEvents": false,
                "selected": Array [],
              },
              "ref": null,
              "rendered": null,
              "type": [Function],
            },
          ],
          "type": "div",
        },
        "type": "div",
      },
    ],
    "type": "div",
  },
  Symbol(enzyme.__nodes__): Array [
    Object {
      "instance": null,
      "key": undefined,
      "nodeType": "host",
      "props": Object {
        "children": Array [
          <InfoAlert
            onClose={[Function]}
          >
            On this page you can view all upcoming massages. To view details about or register a massage click on the appropriate event in the calendar below.
          </InfoAlert>,
          <div
            className="my-3"
          >
            <div>
              <Nav
                className="mb-1 mt-4"
                tabs={true}
                tag="ul"
                vertical={false}
              >
                <Tab
                  active={true}
                  label="test"
                  onClick={[Function]}
                  onRemoveClick={null}
                />
                <span
                  style={
                    Object {
                      "width": "100%",
                    }
                  }
                >
                  <span
                    className="float-right"
                  >
                    <div
                      style={
                        Object {
                          "marginLeft": "2.2em",
                          "marginTop": "-3em",
                        }
                      }
                    >
                      <TooltipButton
                        active={true}
                        disabled={false}
                        label="Show all"
                        onClick={[Function]}
                        outline={true}
                        tooltip="Show massages already taken by someone else"
                      />
                    </div>
                    <div
                      className="loader"
                      style={
                        Object {
                          "marginTop": "-1.9em",
                        }
                      }
                    />
                  </span>
                </span>
              </Nav>
              <Row
                className="mt-3"
                tag="div"
              >
                <Col
                  md="6"
                  tag="div"
                  widths={
                    Array [
                      "xs",
                      "sm",
                      "md",
                      "lg",
                      "xl",
                    ]
                  }
                >
                  <MassageModal
                    active={false}
                    clientTooltips={Array []}
                    clients={Array []}
                    facilityId={1}
                    massage={null}
                    masseuseTooltips={Array []}
                    masseuses={Array []}
                    onToggle={[Function]}
                    withPortal={true}
                  />
                  <MassageScheduleModal
                    active={false}
                    className="ml-2"
                    facilityId={1}
                    masseuseTooltips={Array []}
                    masseuses={Array []}
                    onToggle={[Function]}
                    withPortal={true}
                  />
                </Col>
                <Col
                  className="text-right"
                  md="6"
                  tag="div"
                  widths={
                    Array [
                      "xs",
                      "sm",
                      "md",
                      "lg",
                      "xl",
                    ]
                  }
                >
                  <TooltipButton
                    active={false}
                    className="mr-2"
                    disabled={false}
                    label="Select"
                    onClick={[Function]}
                    outline={true}
                    tooltip="Select multiple massages for batch operations"
                  />
                  <ConfirmationButton
                    dialogMessage="Are you sure? This action cannot be reverted."
                    disabled={true}
                    label="Delete selected"
                    onConfirm={[Function]}
                    tooltip="Delete selected massages"
                  />
                </Col>
              </Row>
              <CalendarPanel
                activeEventTooltip={null}
                allowEditation={true}
                events={Array []}
                massageMinutes={Object {}}
                onAdd={[Function]}
                onAssign={[Function]}
                onCancel={[Function]}
                onDateChange={[Function]}
                onDelete={[Function]}
                onEdit={[Function]}
                onMultiSelect={[Function]}
                onSelect={[Function]}
                onTooltipTrigger={[Function]}
                selectEvents={false}
                selected={Array []}
              />
            </div>
          </div>,
        ],
      },
      "ref": null,
      "rendered": Array [
        Object {
          "instance": null,
          "key": undefined,
          "nodeType": "function",
          "props": Object {
            "children": "On this page you can view all upcoming massages. To view details about or register a massage click on the appropriate event in the calendar below.",
            "onClose": [Function],
          },
          "ref": null,
          "rendered": "On this page you can view all upcoming massages. To view details about or register a massage click on the appropriate event in the calendar below.",
          "type": [Function],
        },
        Object {
          "instance": null,
          "key": undefined,
          "nodeType": "host",
          "props": Object {
            "children": <div>
              <Nav
                className="mb-1 mt-4"
                tabs={true}
                tag="ul"
                vertical={false}
              >
                <Tab
                  active={true}
                  label="test"
                  onClick={[Function]}
                  onRemoveClick={null}
                />
                <span
                  style={
                    Object {
                      "width": "100%",
                    }
                  }
                >
                  <span
                    className="float-right"
                  >
                    <div
                      style={
                        Object {
                          "marginLeft": "2.2em",
                          "marginTop": "-3em",
                        }
                      }
                    >
                      <TooltipButton
                        active={true}
                        disabled={false}
                        label="Show all"
                        onClick={[Function]}
                        outline={true}
                        tooltip="Show massages already taken by someone else"
                      />
                    </div>
                    <div
                      className="loader"
                      style={
                        Object {
                          "marginTop": "-1.9em",
                        }
                      }
                    />
                  </span>
                </span>
              </Nav>
              <Row
                className="mt-3"
                tag="div"
              >
                <Col
                  md="6"
                  tag="div"
                  widths={
                    Array [
                      "xs",
                      "sm",
                      "md",
                      "lg",
                      "xl",
                    ]
                  }
                >
                  <MassageModal
                    active={false}
                    clientTooltips={Array []}
                    clients={Array []}
                    facilityId={1}
                    massage={null}
                    masseuseTooltips={Array []}
                    masseuses={Array []}
                    onToggle={[Function]}
                    withPortal={true}
                  />
                  <MassageScheduleModal
                    active={false}
                    className="ml-2"
                    facilityId={1}
                    masseuseTooltips={Array []}
                    masseuses={Array []}
                    onToggle={[Function]}
                    withPortal={true}
                  />
                </Col>
                <Col
                  className="text-right"
                  md="6"
                  tag="div"
                  widths={
                    Array [
                      "xs",
                      "sm",
                      "md",
                      "lg",
                      "xl",
                    ]
                  }
                >
                  <TooltipButton
                    active={false}
                    className="mr-2"
                    disabled={false}
                    label="Select"
                    onClick={[Function]}
                    outline={true}
                    tooltip="Select multiple massages for batch operations"
                  />
                  <ConfirmationButton
                    dialogMessage="Are you sure? This action cannot be reverted."
                    disabled={true}
                    label="Delete selected"
                    onConfirm={[Function]}
                    tooltip="Delete selected massages"
                  />
                </Col>
              </Row>
              <CalendarPanel
                activeEventTooltip={null}
                allowEditation={true}
                events={Array []}
                massageMinutes={Object {}}
                onAdd={[Function]}
                onAssign={[Function]}
                onCancel={[Function]}
                onDateChange={[Function]}
                onDelete={[Function]}
                onEdit={[Function]}
                onMultiSelect={[Function]}
                onSelect={[Function]}
                onTooltipTrigger={[Function]}
                selectEvents={false}
                selected={Array []}
              />
            </div>,
            "className": "my-3",
          },
          "ref": null,
          "rendered": Object {
            "instance": null,
            "key": undefined,
            "nodeType": "host",
            "props": Object {
              "children": Array [
                <Nav
                  className="mb-1 mt-4"
                  tabs={true}
                  tag="ul"
                  vertical={false}
                >
                  <Tab
                    active={true}
                    label="test"
                    onClick={[Function]}
                    onRemoveClick={null}
                  />
                  <span
                    style={
                      Object {
                        "width": "100%",
                      }
                    }
                  >
                    <span
                      className="float-right"
                    >
                      <div
                        style={
                          Object {
                            "marginLeft": "2.2em",
                            "marginTop": "-3em",
                          }
                        }
                      >
                        <TooltipButton
                          active={true}
                          disabled={false}
                          label="Show all"
                          onClick={[Function]}
                          outline={true}
                          tooltip="Show massages already taken by someone else"
                        />
                      </div>
                      <div
                        className="loader"
                        style={
                          Object {
                            "marginTop": "-1.9em",
                          }
                        }
                      />
                    </span>
                  </span>
                </Nav>,
                <Row
                  className="mt-3"
                  tag="div"
                >
                  <Col
                    md="6"
                    tag="div"
                    widths={
                      Array [
                        "xs",
                        "sm",
                        "md",
                        "lg",
                        "xl",
                      ]
                    }
                  >
                    <MassageModal
                      active={false}
                      clientTooltips={Array []}
                      clients={Array []}
                      facilityId={1}
                      massage={null}
                      masseuseTooltips={Array []}
                      masseuses={Array []}
                      onToggle={[Function]}
                      withPortal={true}
                    />
                    <MassageScheduleModal
                      active={false}
                      className="ml-2"
                      facilityId={1}
                      masseuseTooltips={Array []}
                      masseuses={Array []}
                      onToggle={[Function]}
                      withPortal={true}
                    />
                  </Col>
                  <Col
                    className="text-right"
                    md="6"
                    tag="div"
                    widths={
                      Array [
                        "xs",
                        "sm",
                        "md",
                        "lg",
                        "xl",
                      ]
                    }
                  >
                    <TooltipButton
                      active={false}
                      className="mr-2"
                      disabled={false}
                      label="Select"
                      onClick={[Function]}
                      outline={true}
                      tooltip="Select multiple massages for batch operations"
                    />
                    <ConfirmationButton
                      dialogMessage="Are you sure? This action cannot be reverted."
                      disabled={true}
                      label="Delete selected"
                      onConfirm={[Function]}
                      tooltip="Delete selected massages"
                    />
                  </Col>
                </Row>,
                <CalendarPanel
                  activeEventTooltip={null}
                  allowEditation={true}
                  events={Array []}
                  massageMinutes={Object {}}
                  onAdd={[Function]}
                  onAssign={[Function]}
                  onCancel={[Function]}
                  onDateChange={[Function]}
                  onDelete={[Function]}
                  onEdit={[Function]}
                  onMultiSelect={[Function]}
                  onSelect={[Function]}
                  onTooltipTrigger={[Function]}
                  selectEvents={false}
                  selected={Array []}
                />,
              ],
            },
            "ref": null,
            "rendered": Array [
              Object {
                "instance": null,
                "key": undefined,
                "nodeType": "function",
                "props": Object {
                  "children": Array [
                    Array [
                      <Tab
                        active={true}
                        label="test"
                        onClick={[Function]}
                        onRemoveClick={null}
                      />,
                    ],
                    <span
                      style={
                        Object {
                          "width": "100%",
                        }
                      }
                    >
                      <span
                        className="float-right"
                      >
                        <div
                          style={
                            Object {
                              "marginLeft": "2.2em",
                              "marginTop": "-3em",
                            }
                          }
                        >
                          <TooltipButton
                            active={true}
                            disabled={false}
                            label="Show all"
                            onClick={[Function]}
                            outline={true}
                            tooltip="Show massages already taken by someone else"
                          />
                        </div>
                        <div
                          className="loader"
                          style={
                            Object {
                              "marginTop": "-1.9em",
                            }
                          }
                        />
                      </span>
                    </span>,
                  ],
                  "className": "mb-1 mt-4",
                  "tabs": true,
                  "tag": "ul",
                  "vertical": false,
                },
                "ref": null,
                "rendered": Array [
                  Object {
                    "instance": null,
                    "key": "1",
                    "nodeType": "class",
                    "props": Object {
                      "active": true,
                      "label": "test",
                      "onClick": [Function],
                      "onRemoveClick": null,
                    },
                    "ref": null,
                    "rendered": null,
                    "type": [Function],
                  },
                  Object {
                    "instance": null,
                    "key": undefined,
                    "nodeType": "host",
                    "props": Object {
                      "children": <span
                        className="float-right"
                      >
                        <div
                          style={
                            Object {
                              "marginLeft": "2.2em",
                              "marginTop": "-3em",
                            }
                          }
                        >
                          <TooltipButton
                            active={true}
                            disabled={false}
                            label="Show all"
                            onClick={[Function]}
                            outline={true}
                            tooltip="Show massages already taken by someone else"
                          />
                        </div>
                        <div
                          className="loader"
                          style={
                            Object {
                              "marginTop": "-1.9em",
                            }
                          }
                        />
                      </span>,
                      "style": Object {
                        "width": "100%",
                      },
                    },
                    "ref": null,
                    "rendered": Object {
                      "instance": null,
                      "key": undefined,
                      "nodeType": "host",
                      "props": Object {
                        "children": Array [
                          <div
                            style={
                              Object {
                                "marginLeft": "2.2em",
                                "marginTop": "-3em",
                              }
                            }
                          >
                            <TooltipButton
                              active={true}
                              disabled={false}
                              label="Show all"
                              onClick={[Function]}
                              outline={true}
                              tooltip="Show massages already taken by someone else"
                            />
                          </div>,
                          <div
                            className="loader"
                            style={
                              Object {
                                "marginTop": "-1.9em",
                              }
                            }
                          />,
                        ],
                        "className": "float-right",
                      },
                      "ref": null,
                      "rendered": Array [
                        Object {
                          "instance": null,
                          "key": undefined,
                          "nodeType": "host",
                          "props": Object {
                            "children": <TooltipButton
                              active={true}
                              disabled={false}
                              label="Show all"
                              onClick={[Function]}
                              outline={true}
                              tooltip="Show massages already taken by someone else"
                            />,
                            "style": Object {
                              "marginLeft": "2.2em",
                              "marginTop": "-3em",
                            },
                          },
                          "ref": null,
                          "rendered": Object {
                            "instance": null,
                            "key": undefined,
                            "nodeType": "class",
                            "props": Object {
                              "active": true,
                              "disabled": false,
                              "label": "Show all",
                              "onClick": [Function],
                              "outline": true,
                              "tooltip": "Show massages already taken by someone else",
                            },
                            "ref": null,
                            "rendered": null,
                            "type": [Function],
                          },
                          "type": "div",
                        },
                        Object {
                          "instance": null,
                          "key": undefined,
                          "nodeType": "host",
                          "props": Object {
                            "className": "loader",
                            "style": Object {
                              "marginTop": "-1.9em",
                            },
                          },
                          "ref": null,
                          "rendered": null,
                          "type": "div",
                        },
                      ],
                      "type": "span",
                    },
                    "type": "span",
                  },
                ],
                "type": [Function],
              },
              Object {
                "instance": null,
                "key": undefined,
                "nodeType": "function",
                "props": Object {
                  "children": Array [
                    <Col
                      md="6"
                      tag="div"
                      widths={
                        Array [
                          "xs",
                          "sm",
                          "md",
                          "lg",
                          "xl",
                        ]
                      }
                    >
                      <MassageModal
                        active={false}
                        clientTooltips={Array []}
                        clients={Array []}
                        facilityId={1}
                        massage={null}
                        masseuseTooltips={Array []}
                        masseuses={Array []}
                        onToggle={[Function]}
                        withPortal={true}
                      />
                      <MassageScheduleModal
                        active={false}
                        className="ml-2"
                        facilityId={1}
                        masseuseTooltips={Array []}
                        masseuses={Array []}
                        onToggle={[Function]}
                        withPortal={true}
                      />
                    </Col>,
                    <Col
                      className="text-right"
                      md="6"
                      tag="div"
                      widths={
                        Array [
                          "xs",
                          "sm",
                          "md",
                          "lg",
                          "xl",
                        ]
                      }
                    >
                      <TooltipButton
                        active={false}
                        className="mr-2"
                        disabled={false}
                        label="Select"
                        onClick={[Function]}
                        outline={true}
                        tooltip="Select multiple massages for batch operations"
                      />
                      <ConfirmationButton
                        dialogMessage="Are you sure? This action cannot be reverted."
                        disabled={true}
                        label="Delete selected"
                        onConfirm={[Function]}
                        tooltip="Delete selected massages"
                      />
                    </Col>,
                  ],
                  "className": "mt-3",
                  "tag": "div",
                },
                "ref": null,
                "rendered": Array [
                  Object {
                    "instance": null,
                    "key": undefined,
                    "nodeType": "function",
                    "props": Object {
                      "children": Array [
                        <MassageModal
                          active={false}
                          clientTooltips={Array []}
                          clients={Array []}
                          facilityId={1}
                          massage={null}
                          masseuseTooltips={Array []}
                          masseuses={Array []}
                          onToggle={[Function]}
                          withPortal={true}
                        />,
                        <MassageScheduleModal
                          active={false}
                          className="ml-2"
                          facilityId={1}
                          masseuseTooltips={Array []}
                          masseuses={Array []}
                          onToggle={[Function]}
                          withPortal={true}
                        />,
                      ],
                      "md": "6",
                      "tag": "div",
                      "widths": Array [
                        "xs",
                        "sm",
                        "md",
                        "lg",
                        "xl",
                      ],
                    },
                    "ref": null,
                    "rendered": Array [
                      Object {
                        "instance": null,
                        "key": undefined,
                        "nodeType": "class",
                        "props": Object {
                          "active": false,
                          "clientTooltips": Array [],
                          "clients": Array [],
                          "facilityId": 1,
                          "massage": null,
                          "masseuseTooltips": Array [],
                          "masseuses": Array [],
                          "onToggle": [Function],
                          "withPortal": true,
                        },
                        "ref": null,
                        "rendered": null,
                        "type": [Function],
                      },
                      Object {
                        "instance": null,
                        "key": undefined,
                        "nodeType": "class",
                        "props": Object {
                          "active": false,
                          "className": "ml-2",
                          "facilityId": 1,
                          "masseuseTooltips": Array [],
                          "masseuses": Array [],
                          "onToggle": [Function],
                          "withPortal": true,
                        },
                        "ref": null,
                        "rendered": null,
                        "type": [Function],
                      },
                    ],
                    "type": [Function],
                  },
                  Object {
                    "instance": null,
                    "key": undefined,
                    "nodeType": "function",
                    "props": Object {
                      "children": Array [
                        <TooltipButton
                          active={false}
                          className="mr-2"
                          disabled={false}
                          label="Select"
                          onClick={[Function]}
                          outline={true}
                          tooltip="Select multiple massages for batch operations"
                        />,
                        <ConfirmationButton
                          dialogMessage="Are you sure? This action cannot be reverted."
                          disabled={true}
                          label="Delete selected"
                          onConfirm={[Function]}
                          tooltip="Delete selected massages"
                        />,
                      ],
                      "className": "text-right",
                      "md": "6",
                      "tag": "div",
                      "widths": Array [
                        "xs",
                        "sm",
                        "md",
                        "lg",
                        "xl",
                      ],
                    },
                    "ref": null,
                    "rendered": Array [
                      Object {
                        "instance": null,
                        "key": undefined,
                        "nodeType": "class",
                        "props": Object {
                          "active": false,
                          "className": "mr-2",
                          "disabled": false,
                          "label": "Select",
                          "onClick": [Function],
                          "outline": true,
                          "tooltip": "Select multiple massages for batch operations",
                        },
                        "ref": null,
                        "rendered": null,
                        "type": [Function],
                      },
                      Object {
                        "instance": null,
                        "key": undefined,
                        "nodeType": "class",
                        "props": Object {
                          "dialogMessage": "Are you sure? This action cannot be reverted.",
                          "disabled": true,
                          "label": "Delete selected",
                          "onConfirm": [Function],
                          "tooltip": "Delete selected massages",
                        },
                        "ref": null,
                        "rendered": null,
                        "type": [Function],
                      },
                    ],
                    "type": [Function],
                  },
                ],
                "type": [Function],
              },
              Object {
                "instance": null,
                "key": undefined,
                "nodeType": "class",
                "props": Object {
                  "activeEventTooltip": null,
                  "allowEditation": true,
                  "events": Array [],
                  "massageMinutes": Object {},
                  "onAdd": [Function],
                  "onAssign": [Function],
                  "onCancel": [Function],
                  "onDateChange": [Function],
                  "onDelete": [Function],
                  "onEdit": [Function],
                  "onMultiSelect": [Function],
                  "onSelect": [Function],
                  "onTooltipTrigger": [Function],
                  "selectEvents": false,
                  "selected": Array [],
                },
                "ref": null,
                "rendered": null,
                "type": [Function],
              },
            ],
            "type": "div",
          },
          "type": "div",
        },
      ],
      "type": "div",
    },
  ],
  Symbol(enzyme.__options__): Object {
    "adapter": ReactSixteenAdapter {
      "options": Object {
        "enableComponentDidUpdateOnSetState": true,
        "lifecycles": Object {
          "componentDidUpdate": Object {
            "onSetState": true,
          },
          "getDerivedStateFromProps": true,
          "getSnapshotBeforeUpdate": true,
          "setState": Object {
            "skipsComponentDidUpdateOnNullish": true,
          },
        },
      },
    },
  },
}
`;
