// Jest Snapshot v1, https://goo.gl/fbAQLP

exports[`renders content correctly 1`] = `
<div>
  <div
    className="alert alert-info alert-dismissible"
    style={
      Object {
        "marginBottom": "15px",
      }
    }
  >
    <button
      aria-label="Close"
      className="close"
      onClick={[Function]}
      title="Zavřít"
      type="button"
    >
      <span
        aria-hidden="true"
      >
        ×
      </span>
    </button>
    Na této stránce můžete vidět své zapsané masáže. Použitím tlačítka kalendáře lze podle dané masáže vygenerovat Google událost.
  </div>
  <h1>
    
    Moje masáže
  </h1>
  <hr />
  <h3>
    Žádné – 
    <a
      href="/"
      onClick={[Function]}
      style={
        Object {
          "color": "#595959",
        }
      }
    >
      Jít na masáže
    </a>
  </h3>
</div>
`;
