// Jest Snapshot v1, https://goo.gl/fbAQLP

exports[`renders content correctly 1`] = `
<div>
  <div
    className="alert alert-info alert-dismissible"
    style={
      Object {
        "marginBottom": "15px",
      }
    }
  >
    <button
      aria-label="Close"
      className="close"
      onClick={[Function]}
      title="Zavřít"
      type="button"
    >
      <span
        aria-hidden="true"
      >
        ×
      </span>
    </button>
    Na této stránce můžete spravovat svoje lokální uživatelské nastavení. Také lze tuto stránku použít k přístupu k našemu repozitáři na GitHubu.
  </div>
  <h1>
    
    Nastavení
  </h1>
  <hr />
  <h3>
    Uživatelská nastavení
  </h3>
  <div
    className="row"
  >
    <div
      className="col-md-12"
    >
      <div
        className="form-group"
      >
        <label
          className="checkbox-inline"
          htmlFor="notifyInput"
        >
          <input
            checked={Array []}
            id="notifyInput"
            onChange={[Function]}
            type="checkbox"
          />
          Chci dostávat informace o 
          <abbr
            style={
              Object {
                "cursor": "pointer",
              }
            }
            title="Rozpis nových a zrušení připsaných masáží"
          >
            změnách masáží
          </abbr>
        </label>
      </div>
    </div>
  </div>
  <h3>
    O portálu
  </h3>
  <div
    className="row"
  >
    <div
      className="col-md-12"
    >
      Navštivte náš 
      <a
        href={undefined}
        rel="noreferrer noopener"
        target="_blank"
      >
        GitHub
      </a>
       
      <del>
        a naši 
        <a
          href="undefinedwiki"
          rel="noreferrer noopener"
          target="_blank"
        >
          wiki
        </a>
      </del>
      ! (WIP)
    </div>
  </div>
  <div
    className="row"
  >
    <div
      className="col-md-12"
    >
      Hlaste chyby 
      <a
        href="undefinedissues"
        rel="noreferrer noopener"
        target="_blank"
      >
        zde
      </a>
      .
    </div>
  </div>
</div>
`;
