// Jest Snapshot v1, https://goo.gl/fbAQLP

exports[`renders inside content with correct props 1`] = `
<div
  className="modal-body"
>
  <div
    className="row"
  >
    <div
      className="col-md-12"
    >
      <h3>
        Potvrzení akce
      </h3>
      <hr />
    </div>
  </div>
  <div
    className="row"
  >
    <div
      className="col-md-12"
    >
      test
    </div>
  </div>
  <div
    className="text-right row"
  >
    <div
      className="col-md-12"
    >
      <hr />
      <span
        title=""
      >
        <button
          aria-label={null}
          className="mr-2 btn btn-primary"
          disabled={false}
          onClick={[Function]}
          type="button"
        >
          Pokračovat
        </button>
      </span>
      <button
        aria-label={null}
        className="btn btn-secondary"
        onClick={[Function]}
        type="button"
      >
        Zrušit
      </button>
    </div>
  </div>
</div>
`;
