// Jest Snapshot v1, https://goo.gl/fbAQLP

exports[`renders inside content with correct props 1`] = `
<span
  style={
    Object {
      "marginRight": "5px",
    }
  }
>
  <span>
    <button
      className="btn btn-default"
      disabled={false}
      onClick={[Function]}
      type="button"
    >
      Kopírovat vybrané
    </button>
  </span>
  <div>
    <h2>
      Zkopírovat masáže
    </h2>
    <hr />
    <div
      className="form-group col-md-12"
    >
      <label
        htmlFor="valueInput"
      >
        Počet opakování
      </label>
      <div
        className="row"
      >
        <div
          className="col-md-4"
        >
          <input
            autoFocus={true}
            className="form-control"
            id="valueInput"
            max="54"
            min="1"
            onChange={[Function]}
            onFocus={undefined}
            onKeyPress={[Function]}
            placeholder="Počet opakování"
            type="number"
            value={1}
          />
        </div>
      </div>
    </div>
    <div
      className="form-group col-md-12"
    >
      <label
        htmlFor="stepInput"
      >
        Denní skok na opakování
      </label>
      <div
        className="row"
      >
        <div
          className="col-md-4"
        >
          <input
            className="form-control"
            id="stepInput"
            max="365"
            min="1"
            onChange={[Function]}
            onFocus={undefined}
            onKeyPress={[Function]}
            placeholder="Denní skok na opakování"
            type="number"
            value={7}
          />
        </div>
      </div>
    </div>
    <div
      className="pull-right"
    >
      <button
        autoFocus={false}
        className="btn btn-primary"
        disabled={false}
        onClick={[Function]}
        style={
          Object {
            "marginRight": "5px",
          }
        }
        title=""
        type="button"
      >
        Zkopírovat
      </button>
      <button
        className="btn btn-default"
        onClick={[Function]}
        type="button"
      >
        Zrušit
      </button>
    </div>
  </div>
</span>
`;
