// Jest Snapshot v1, https://goo.gl/fbAQLP

exports[`renders inside content with correct props 1`] = `
<span
  style={
    Object {
      "marginRight": "5px",
    }
  }
>
  <span>
    <button
      className="btn btn-default"
      disabled={false}
      onClick={[Function]}
      type="button"
    >
      Upravit vybrané
    </button>
  </span>
  <div>
    <h2>
      Upravit masáže
    </h2>
    <hr />
    <div
      className="form-group col-md-12"
    >
      <label
        className="checkbox-inline"
      >
        <input
          checked={false}
          onChange={[Function]}
          onKeyPress={[Function]}
          style={
            Object {
              "marginRight": "5px",
            }
          }
          type="checkbox"
        />
        <strong>
          Změnit maséra/masérku
        </strong>
      </label>
      <input
        className="form-control"
        disabled={true}
        list="masseuses"
        maxLength="64"
        onChange={[Function]}
        onFocus={undefined}
        onKeyPress={[Function]}
        placeholder="Masér/Masérka"
        type="text"
        value=""
      />
      <datalist
        id="masseuses"
      >
        <option
          value="test"
        />
      </datalist>
    </div>
    <div
      className="form-group col-md-12"
    >
      <label
        className="checkbox-inline"
      >
        <input
          checked={true}
          onChange={[Function]}
          onKeyPress={[Function]}
          style={
            Object {
              "marginRight": "5px",
            }
          }
          type="checkbox"
        />
        <strong>
          Posunout datum masáže (den a čas)
        </strong>
      </label>
      <div
        className="row"
      >
        <div
          className="col-md-2"
        >
          <input
            autoFocus={true}
            className="form-control"
            disabled={false}
            max="365"
            min="0"
            onChange={[Function]}
            onFocus={undefined}
            onKeyPress={[Function]}
            placeholder="Změna dne"
            title="Dny"
            type="number"
            value="1"
          />
        </div>
        <div
          className="col-md-3"
        >
          <div
            className="rdt"
          >
            <input
              className="form-control"
              disabled={false}
              onChange={[Function]}
              onClick={[Function]}
              onFocus={[Function]}
              onKeyDown={[Function]}
              onKeyPress={[Function]}
              placeholder="Změna trvání"
              type="text"
              value="12:00 AM"
            />
            <div
              className="rdtPicker"
            >
              <div
                className="rdtTime"
              >
                <table>
                  <tbody>
                    <tr>
                      <td>
                        <div
                          className="rdtCounters"
                        >
                          <div
                            className="rdtCounter"
                          >
                            <span
                              className="rdtBtn"
                              onContextMenu={[Function]}
                              onMouseDown={[Function]}
                              onTouchStart={[Function]}
                            >
                              ▲
                            </span>
                            <div
                              className="rdtCount"
                            >
                              12
                            </div>
                            <span
                              className="rdtBtn"
                              onContextMenu={[Function]}
                              onMouseDown={[Function]}
                              onTouchStart={[Function]}
                            >
                              ▼
                            </span>
                          </div>
                          <div
                            className="rdtCounterSeparator"
                          >
                            :
                          </div>
                          <div
                            className="rdtCounter"
                          >
                            <span
                              className="rdtBtn"
                              onContextMenu={[Function]}
                              onMouseDown={[Function]}
                              onTouchStart={[Function]}
                            >
                              ▲
                            </span>
                            <div
                              className="rdtCount"
                            >
                              00
                            </div>
                            <span
                              className="rdtBtn"
                              onContextMenu={[Function]}
                              onMouseDown={[Function]}
                              onTouchStart={[Function]}
                            >
                              ▼
                            </span>
                          </div>
                          <div
                            className="rdtCounter"
                          >
                            <span
                              className="rdtBtn"
                              onContextMenu={[Function]}
                              onMouseDown={[Function]}
                              onTouchStart={[Function]}
                            >
                              ▲
                            </span>
                            <div
                              className="rdtCount"
                            >
                              AM
                            </div>
                            <span
                              className="rdtBtn"
                              onContextMenu={[Function]}
                              onMouseDown={[Function]}
                              onTouchStart={[Function]}
                            >
                              ▼
                            </span>
                          </div>
                        </div>
                      </td>
                    </tr>
                  </tbody>
                </table>
              </div>
            </div>
          </div>
        </div>
        <div
          className="col-md-4"
          style={
            Object {
              "marginTop": "5px",
            }
          }
        >
          <label
            className="radio-inline"
          >
            <input
              checked={true}
              disabled={false}
              onChange={[Function]}
              onKeyPress={[Function]}
              style={
                Object {
                  "marginRight": "5px",
                }
              }
              type="radio"
              value={1}
            />
            <strong>
              Později
            </strong>
          </label>
          <label
            className="radio-inline"
          >
            <input
              checked={false}
              disabled={false}
              onChange={[Function]}
              onKeyPress={[Function]}
              style={
                Object {
                  "marginRight": "5px",
                }
              }
              type="radio"
              value={-1}
            />
            <strong>
              Dříve
            </strong>
          </label>
        </div>
      </div>
    </div>
    <div
      className="form-group col-md-12"
    >
      <label
        className="checkbox-inline"
      >
        <input
          checked={false}
          onChange={[Function]}
          onKeyPress={[Function]}
          style={
            Object {
              "marginRight": "5px",
            }
          }
          type="checkbox"
        />
        <strong>
          Také odstranit všechny zapsané klienty
        </strong>
      </label>
    </div>
    <div
      className="pull-right"
    >
      <button
        autoFocus={false}
        className="btn btn-primary"
        disabled={false}
        onClick={[Function]}
        style={
          Object {
            "marginRight": "5px",
          }
        }
        title=""
        type="button"
      >
        Upravit
      </button>
      <button
        className="btn btn-default"
        onClick={[Function]}
        type="button"
      >
        Zrušit
      </button>
    </div>
  </div>
</span>
`;
