// Jest Snapshot v1, https://goo.gl/fbAQLP

exports[`renders inside content with correct props 1`] = `
<span
  style={
    Object {
      "marginLeft": "5px",
      "marginRight": "5px",
    }
  }
>
  <span>
    <button
      className="btn btn-default"
      disabled={false}
      onClick={[Function]}
      type="button"
    >
      Přidat další
    </button>
  </span>
  <div>
    <h2>
      Vytvořit masáže
      <div
        className="pull-right"
      >
        <label
          className="btn btn-default"
          htmlFor="fileImport"
          style={
            Object {
              "marginRight": "5px",
            }
          }
        >
          Importovat vzory
        </label>
        <input
          accept=".json"
          id="fileImport"
          onChange={[Function]}
          style={
            Object {
              "display": "none",
            }
          }
          type="file"
        />
        <span>
          <button
            className="btn btn-default"
            disabled={false}
            onClick={[Function]}
            type="button"
          >
            Exportovat vzory
          </button>
        </span>
      </div>
    </h2>
    <div>
      <ul
        className="nav nav-tabs"
        style={
          Object {
            "marginBottom": "15px",
          }
        }
      >
        <li
          className="active"
        >
          <a
            style={
              Object {
                "fontSize": "16px",
              }
            }
          >
            Vzor #1
          </a>
        </li>
      </ul>
      <div
        className="form-group col-md-12"
      >
        <div
          className="pull-right"
          style={
            Object {
              "marginLeft": "5px",
            }
          }
        >
          <span
            style={
              Object {
                "marginRight": "5px",
              }
            }
          >
            <span>
              <button
                className="btn btn-default"
                disabled={false}
                onClick={[Function]}
                type="button"
              >
                Vytvořit vzor
              </button>
            </span>
          </span>
          <span>
            <button
              className="btn btn-default"
              disabled={true}
              onClick={[Function]}
              type="button"
            >
              Odstranit vzor
            </button>
          </span>
        </div>
        <strong>
          Opakovat v
        </strong>
        <div>
          <label
            className="checkbox-inline"
            htmlFor="weekdayPondělí"
          >
            <input
              checked={false}
              id="weekdayPondělí"
              onChange={[Function]}
              onKeyPress={[Function]}
              type="checkbox"
            />
            <strong>
              pondělí
            </strong>
          </label>
          <label
            className="checkbox-inline"
            htmlFor="weekdayÚterý"
          >
            <input
              checked={false}
              id="weekdayÚterý"
              onChange={[Function]}
              onKeyPress={[Function]}
              type="checkbox"
            />
            <strong>
              úterý
            </strong>
          </label>
          <label
            className="checkbox-inline"
            htmlFor="weekdayStředa"
          >
            <input
              checked={false}
              id="weekdayStředa"
              onChange={[Function]}
              onKeyPress={[Function]}
              type="checkbox"
            />
            <strong>
              středa
            </strong>
          </label>
          <label
            className="checkbox-inline"
            htmlFor="weekdayČtvrtek"
          >
            <input
              checked={false}
              id="weekdayČtvrtek"
              onChange={[Function]}
              onKeyPress={[Function]}
              type="checkbox"
            />
            <strong>
              čtvrtek
            </strong>
          </label>
          <label
            className="checkbox-inline"
            htmlFor="weekdayPátek"
          >
            <input
              checked={false}
              id="weekdayPátek"
              onChange={[Function]}
              onKeyPress={[Function]}
              type="checkbox"
            />
            <strong>
              pátek
            </strong>
          </label>
          <label
            className="checkbox-inline"
            htmlFor="weekdaySobota"
          >
            <input
              checked={false}
              id="weekdaySobota"
              onChange={[Function]}
              onKeyPress={[Function]}
              type="checkbox"
            />
            <strong>
              sobota
            </strong>
          </label>
          <label
            className="checkbox-inline"
            htmlFor="weekdayNeděle"
          >
            <input
              checked={false}
              id="weekdayNeděle"
              onChange={[Function]}
              onKeyPress={[Function]}
              type="checkbox"
            />
            <strong>
              neděle
            </strong>
          </label>
        </div>
      </div>
      <div
        className="form-group col-md-12"
      >
        <div
          className="row"
        >
          <div
            className="col-md-4"
          >
            <label
              htmlFor="startDateInput"
            >
              Vzor platí od
            </label>
            <div
              className="rdt"
            >
              <input
                className="form-control"
                id="startDateInput"
                onChange={[Function]}
                onClick={[Function]}
                onFocus={[Function]}
                onKeyDown={[Function]}
                onKeyPress={[Function]}
                placeholder="Datum"
                type="text"
                value="01/01/1970"
              />
              <div
                className="rdtPicker"
              >
                <div
                  className="rdtDays"
                >
                  <table>
                    <thead>
                      <tr>
                        <th
                          className="rdtPrev"
                          onClick={[Function]}
                        >
                          <span>
                            ‹
                          </span>
                        </th>
                        <th
                          className="rdtSwitch"
                          colSpan={5}
                          data-value={0}
                          onClick={[Function]}
                        >
                          January 1970
                        </th>
                        <th
                          className="rdtNext"
                          onClick={[Function]}
                        >
                          <span>
                            ›
                          </span>
                        </th>
                      </tr>
                      <tr>
                        <th
                          className="dow"
                        >
                          Su
                        </th>
                        <th
                          className="dow"
                        >
                          Mo
                        </th>
                        <th
                          className="dow"
                        >
                          Tu
                        </th>
                        <th
                          className="dow"
                        >
                          We
                        </th>
                        <th
                          className="dow"
                        >
                          Th
                        </th>
                        <th
                          className="dow"
                        >
                          Fr
                        </th>
                        <th
                          className="dow"
                        >
                          Sa
                        </th>
                      </tr>
                    </thead>
                    <tbody>
                      <tr>
                        <td
                          className="rdtDay rdtOld rdtDisabled"
                          data-value={28}
                        >
                          28
                        </td>
                        <td
                          className="rdtDay rdtOld rdtDisabled"
                          data-value={29}
                        >
                          29
                        </td>
                        <td
                          className="rdtDay rdtOld rdtDisabled"
                          data-value={30}
                        >
                          30
                        </td>
                        <td
                          className="rdtDay rdtOld rdtDisabled"
                          data-value={31}
                        >
                          31
                        </td>
                        <td
                          className="rdtDay rdtActive rdtToday"
                          data-value={1}
                          onClick={[Function]}
                        >
                          1
                        </td>
                        <td
                          className="rdtDay"
                          data-value={2}
                          onClick={[Function]}
                        >
                          2
                        </td>
                        <td
                          className="rdtDay"
                          data-value={3}
                          onClick={[Function]}
                        >
                          3
                        </td>
                      </tr>
                      <tr>
                        <td
                          className="rdtDay"
                          data-value={4}
                          onClick={[Function]}
                        >
                          4
                        </td>
                        <td
                          className="rdtDay"
                          data-value={5}
                          onClick={[Function]}
                        >
                          5
                        </td>
                        <td
                          className="rdtDay"
                          data-value={6}
                          onClick={[Function]}
                        >
                          6
                        </td>
                        <td
                          className="rdtDay"
                          data-value={7}
                          onClick={[Function]}
                        >
                          7
                        </td>
                        <td
                          className="rdtDay"
                          data-value={8}
                          onClick={[Function]}
                        >
                          8
                        </td>
                        <td
                          className="rdtDay"
                          data-value={9}
                          onClick={[Function]}
                        >
                          9
                        </td>
                        <td
                          className="rdtDay"
                          data-value={10}
                          onClick={[Function]}
                        >
                          10
                        </td>
                      </tr>
                      <tr>
                        <td
                          className="rdtDay"
                          data-value={11}
                          onClick={[Function]}
                        >
                          11
                        </td>
                        <td
                          className="rdtDay"
                          data-value={12}
                          onClick={[Function]}
                        >
                          12
                        </td>
                        <td
                          className="rdtDay"
                          data-value={13}
                          onClick={[Function]}
                        >
                          13
                        </td>
                        <td
                          className="rdtDay"
                          data-value={14}
                          onClick={[Function]}
                        >
                          14
                        </td>
                        <td
                          className="rdtDay"
                          data-value={15}
                          onClick={[Function]}
                        >
                          15
                        </td>
                        <td
                          className="rdtDay"
                          data-value={16}
                          onClick={[Function]}
                        >
                          16
                        </td>
                        <td
                          className="rdtDay"
                          data-value={17}
                          onClick={[Function]}
                        >
                          17
                        </td>
                      </tr>
                      <tr>
                        <td
                          className="rdtDay"
                          data-value={18}
                          onClick={[Function]}
                        >
                          18
                        </td>
                        <td
                          className="rdtDay"
                          data-value={19}
                          onClick={[Function]}
                        >
                          19
                        </td>
                        <td
                          className="rdtDay"
                          data-value={20}
                          onClick={[Function]}
                        >
                          20
                        </td>
                        <td
                          className="rdtDay"
                          data-value={21}
                          onClick={[Function]}
                        >
                          21
                        </td>
                        <td
                          className="rdtDay"
                          data-value={22}
                          onClick={[Function]}
                        >
                          22
                        </td>
                        <td
                          className="rdtDay"
                          data-value={23}
                          onClick={[Function]}
                        >
                          23
                        </td>
                        <td
                          className="rdtDay"
                          data-value={24}
                          onClick={[Function]}
                        >
                          24
                        </td>
                      </tr>
                      <tr>
                        <td
                          className="rdtDay"
                          data-value={25}
                          onClick={[Function]}
                        >
                          25
                        </td>
                        <td
                          className="rdtDay"
                          data-value={26}
                          onClick={[Function]}
                        >
                          26
                        </td>
                        <td
                          className="rdtDay"
                          data-value={27}
                          onClick={[Function]}
                        >
                          27
                        </td>
                        <td
                          className="rdtDay"
                          data-value={28}
                          onClick={[Function]}
                        >
                          28
                        </td>
                        <td
                          className="rdtDay"
                          data-value={29}
                          onClick={[Function]}
                        >
                          29
                        </td>
                        <td
                          className="rdtDay"
                          data-value={30}
                          onClick={[Function]}
                        >
                          30
                        </td>
                        <td
                          className="rdtDay"
                          data-value={31}
                          onClick={[Function]}
                        >
                          31
                        </td>
                      </tr>
                      <tr>
                        <td
                          className="rdtDay rdtNew"
                          data-value={1}
                          onClick={[Function]}
                        >
                          1
                        </td>
                        <td
                          className="rdtDay rdtNew"
                          data-value={2}
                          onClick={[Function]}
                        >
                          2
                        </td>
                        <td
                          className="rdtDay rdtNew"
                          data-value={3}
                          onClick={[Function]}
                        >
                          3
                        </td>
                        <td
                          className="rdtDay rdtNew"
                          data-value={4}
                          onClick={[Function]}
                        >
                          4
                        </td>
                        <td
                          className="rdtDay rdtNew"
                          data-value={5}
                          onClick={[Function]}
                        >
                          5
                        </td>
                        <td
                          className="rdtDay rdtNew"
                          data-value={6}
                          onClick={[Function]}
                        >
                          6
                        </td>
                        <td
                          className="rdtDay rdtNew"
                          data-value={7}
                          onClick={[Function]}
                        >
                          7
                        </td>
                      </tr>
                    </tbody>
                  </table>
                </div>
              </div>
            </div>
          </div>
          <div
            className="col-md-4"
          >
            <label
              htmlFor="weeksInput"
            >
              Počet opakování (týdně)
            </label>
            <input
              autoFocus={true}
              className="form-control"
              id="weeksInput"
              max="54"
              min="1"
              onChange={[Function]}
              onFocus={[Function]}
              onKeyPress={[Function]}
              placeholder="Počet opakování"
              type="number"
              value="1"
            />
          </div>
        </div>
      </div>
      <div
        className="form-group col-md-12"
      >
        <label
          htmlFor="masseuseInput"
        >
          Masér/Masérka
        </label>
        <input
          className="form-control"
          id="masseuseInput"
          list="masseuses"
          maxLength="64"
          onChange={[Function]}
          onFocus={[Function]}
          onKeyPress={[Function]}
          placeholder="Masér/Masérka"
          type="text"
          value=""
        />
        <datalist
          id="masseuses"
        >
          <option
            value="test"
          />
        </datalist>
      </div>
      <div
        className="form-group col-md-12"
      >
        <label
          htmlFor="startTimeInput"
        >
          Masáže
        </label>
        <div
          className="row"
        >
          <div
            className="col-md-3"
          >
            <label
              htmlFor="startTimeInput"
            >
              Začátek směny
            </label>
            <div
              className="rdt"
            >
              <input
                className="form-control"
                id="startTimeInput"
                onChange={[Function]}
                onClick={[Function]}
                onFocus={[Function]}
                onKeyDown={[Function]}
                onKeyPress={[Function]}
                placeholder="Začátek směny"
                type="text"
                value="8:00 AM"
              />
              <div
                className="rdtPicker"
              >
                <div
                  className="rdtTime"
                >
                  <table>
                    <tbody>
                      <tr>
                        <td>
                          <div
                            className="rdtCounters"
                          >
                            <div
                              className="rdtCounter"
                            >
                              <span
                                className="rdtBtn"
                                onContextMenu={[Function]}
                                onMouseDown={[Function]}
                                onTouchStart={[Function]}
                              >
                                ▲
                              </span>
                              <div
                                className="rdtCount"
                              >
                                8
                              </div>
                              <span
                                className="rdtBtn"
                                onContextMenu={[Function]}
                                onMouseDown={[Function]}
                                onTouchStart={[Function]}
                              >
                                ▼
                              </span>
                            </div>
                            <div
                              className="rdtCounterSeparator"
                            >
                              :
                            </div>
                            <div
                              className="rdtCounter"
                            >
                              <span
                                className="rdtBtn"
                                onContextMenu={[Function]}
                                onMouseDown={[Function]}
                                onTouchStart={[Function]}
                              >
                                ▲
                              </span>
                              <div
                                className="rdtCount"
                              >
                                00
                              </div>
                              <span
                                className="rdtBtn"
                                onContextMenu={[Function]}
                                onMouseDown={[Function]}
                                onTouchStart={[Function]}
                              >
                                ▼
                              </span>
                            </div>
                            <div
                              className="rdtCounter"
                            >
                              <span
                                className="rdtBtn"
                                onContextMenu={[Function]}
                                onMouseDown={[Function]}
                                onTouchStart={[Function]}
                              >
                                ▲
                              </span>
                              <div
                                className="rdtCount"
                              >
                                AM
                              </div>
                              <span
                                className="rdtBtn"
                                onContextMenu={[Function]}
                                onMouseDown={[Function]}
                                onTouchStart={[Function]}
                              >
                                ▼
                              </span>
                            </div>
                          </div>
                        </td>
                      </tr>
                    </tbody>
                  </table>
                </div>
              </div>
            </div>
          </div>
          <div
            className="col-md-3"
          >
            <label
              htmlFor="massageDurationInput"
            >
              Délka trvání
            </label>
            <div
              className="rdt"
            >
              <input
                className="form-control"
                id="massageDurationInput"
                onChange={[Function]}
                onClick={[Function]}
                onFocus={[Function]}
                onKeyDown={[Function]}
                onKeyPress={[Function]}
                placeholder="Délka trvání"
                type="text"
                value="12:30 AM"
              />
              <div
                className="rdtPicker"
              >
                <div
                  className="rdtTime"
                >
                  <table>
                    <tbody>
                      <tr>
                        <td>
                          <div
                            className="rdtCounters"
                          >
                            <div
                              className="rdtCounter"
                            >
                              <span
                                className="rdtBtn"
                                onContextMenu={[Function]}
                                onMouseDown={[Function]}
                                onTouchStart={[Function]}
                              >
                                ▲
                              </span>
                              <div
                                className="rdtCount"
                              >
                                12
                              </div>
                              <span
                                className="rdtBtn"
                                onContextMenu={[Function]}
                                onMouseDown={[Function]}
                                onTouchStart={[Function]}
                              >
                                ▼
                              </span>
                            </div>
                            <div
                              className="rdtCounterSeparator"
                            >
                              :
                            </div>
                            <div
                              className="rdtCounter"
                            >
                              <span
                                className="rdtBtn"
                                onContextMenu={[Function]}
                                onMouseDown={[Function]}
                                onTouchStart={[Function]}
                              >
                                ▲
                              </span>
                              <div
                                className="rdtCount"
                              >
                                30
                              </div>
                              <span
                                className="rdtBtn"
                                onContextMenu={[Function]}
                                onMouseDown={[Function]}
                                onTouchStart={[Function]}
                              >
                                ▼
                              </span>
                            </div>
                            <div
                              className="rdtCounter"
                            >
                              <span
                                className="rdtBtn"
                                onContextMenu={[Function]}
                                onMouseDown={[Function]}
                                onTouchStart={[Function]}
                              >
                                ▲
                              </span>
                              <div
                                className="rdtCount"
                              >
                                AM
                              </div>
                              <span
                                className="rdtBtn"
                                onContextMenu={[Function]}
                                onMouseDown={[Function]}
                                onTouchStart={[Function]}
                              >
                                ▼
                              </span>
                            </div>
                          </div>
                        </td>
                      </tr>
                    </tbody>
                  </table>
                </div>
              </div>
            </div>
          </div>
          <div
            className="col-md-3"
          >
            <label
              htmlFor="massagesPerDayInput"
            >
              Počet masáží denně
            </label>
            <input
              className="form-control"
              id="massagesPerDayInput"
              max="100"
              min="1"
              onChange={[Function]}
              onFocus={[Function]}
              onKeyPress={[Function]}
              placeholder="Počet masáží denně"
              type="number"
              value="10"
            />
          </div>
        </div>
      </div>
      <div
        className="form-group col-md-12"
      >
        <label
          htmlFor="normalPauseInput"
        >
          Přestávky
        </label>
        <div
          className="row"
        >
          <div
            className="col-md-3"
          >
            <label
              htmlFor="normalPauseInput"
            >
              Normální přestávka
            </label>
            <div
              className="rdt"
            >
              <input
                className="form-control"
                id="normalPauseInput"
                onChange={[Function]}
                onClick={[Function]}
                onFocus={[Function]}
                onKeyDown={[Function]}
                onKeyPress={[Function]}
                placeholder="Normální přestávka"
                type="text"
                value="12:10 AM"
              />
              <div
                className="rdtPicker"
              >
                <div
                  className="rdtTime"
                >
                  <table>
                    <tbody>
                      <tr>
                        <td>
                          <div
                            className="rdtCounters"
                          >
                            <div
                              className="rdtCounter"
                            >
                              <span
                                className="rdtBtn"
                                onContextMenu={[Function]}
                                onMouseDown={[Function]}
                                onTouchStart={[Function]}
                              >
                                ▲
                              </span>
                              <div
                                className="rdtCount"
                              >
                                12
                              </div>
                              <span
                                className="rdtBtn"
                                onContextMenu={[Function]}
                                onMouseDown={[Function]}
                                onTouchStart={[Function]}
                              >
                                ▼
                              </span>
                            </div>
                            <div
                              className="rdtCounterSeparator"
                            >
                              :
                            </div>
                            <div
                              className="rdtCounter"
                            >
                              <span
                                className="rdtBtn"
                                onContextMenu={[Function]}
                                onMouseDown={[Function]}
                                onTouchStart={[Function]}
                              >
                                ▲
                              </span>
                              <div
                                className="rdtCount"
                              >
                                10
                              </div>
                              <span
                                className="rdtBtn"
                                onContextMenu={[Function]}
                                onMouseDown={[Function]}
                                onTouchStart={[Function]}
                              >
                                ▼
                              </span>
                            </div>
                            <div
                              className="rdtCounter"
                            >
                              <span
                                className="rdtBtn"
                                onContextMenu={[Function]}
                                onMouseDown={[Function]}
                                onTouchStart={[Function]}
                              >
                                ▲
                              </span>
                              <div
                                className="rdtCount"
                              >
                                AM
                              </div>
                              <span
                                className="rdtBtn"
                                onContextMenu={[Function]}
                                onMouseDown={[Function]}
                                onTouchStart={[Function]}
                              >
                                ▼
                              </span>
                            </div>
                          </div>
                        </td>
                      </tr>
                    </tbody>
                  </table>
                </div>
              </div>
            </div>
          </div>
          <div
            className="col-md-3"
          >
            <label
              htmlFor="bigPauseInput"
            >
              Obědová přestávka
            </label>
            <div
              className="rdt"
            >
              <input
                className="form-control"
                id="bigPauseInput"
                onChange={[Function]}
                onClick={[Function]}
                onFocus={[Function]}
                onKeyDown={[Function]}
                onKeyPress={[Function]}
                placeholder="Obědová přestávka"
                type="text"
                value="1:00 AM"
              />
              <div
                className="rdtPicker"
              >
                <div
                  className="rdtTime"
                >
                  <table>
                    <tbody>
                      <tr>
                        <td>
                          <div
                            className="rdtCounters"
                          >
                            <div
                              className="rdtCounter"
                            >
                              <span
                                className="rdtBtn"
                                onContextMenu={[Function]}
                                onMouseDown={[Function]}
                                onTouchStart={[Function]}
                              >
                                ▲
                              </span>
                              <div
                                className="rdtCount"
                              >
                                1
                              </div>
                              <span
                                className="rdtBtn"
                                onContextMenu={[Function]}
                                onMouseDown={[Function]}
                                onTouchStart={[Function]}
                              >
                                ▼
                              </span>
                            </div>
                            <div
                              className="rdtCounterSeparator"
                            >
                              :
                            </div>
                            <div
                              className="rdtCounter"
                            >
                              <span
                                className="rdtBtn"
                                onContextMenu={[Function]}
                                onMouseDown={[Function]}
                                onTouchStart={[Function]}
                              >
                                ▲
                              </span>
                              <div
                                className="rdtCount"
                              >
                                00
                              </div>
                              <span
                                className="rdtBtn"
                                onContextMenu={[Function]}
                                onMouseDown={[Function]}
                                onTouchStart={[Function]}
                              >
                                ▼
                              </span>
                            </div>
                            <div
                              className="rdtCounter"
                            >
                              <span
                                className="rdtBtn"
                                onContextMenu={[Function]}
                                onMouseDown={[Function]}
                                onTouchStart={[Function]}
                              >
                                ▲
                              </span>
                              <div
                                className="rdtCount"
                              >
                                AM
                              </div>
                              <span
                                className="rdtBtn"
                                onContextMenu={[Function]}
                                onMouseDown={[Function]}
                                onTouchStart={[Function]}
                              >
                                ▼
                              </span>
                            </div>
                          </div>
                        </td>
                      </tr>
                    </tbody>
                  </table>
                </div>
              </div>
            </div>
          </div>
          <div
            className="col-md-3"
          >
            <label
              htmlFor="pauseAfterInput"
            >
              Oběd po
            </label>
            <input
              className="form-control"
              id="pauseAfterInput"
              max="10"
              min="1"
              onChange={[Function]}
              onFocus={[Function]}
              onKeyPress={[Function]}
              placeholder="Oběd po"
              type="number"
              value="5"
            />
            ...masážích
          </div>
        </div>
      </div>
    </div>
    <div
      className="pull-right"
    >
      <button
        autoFocus={false}
        className="btn btn-primary"
        disabled={false}
        onClick={[Function]}
        style={
          Object {
            "marginRight": "5px",
          }
        }
        title=""
        type="button"
      >
        Vytvořit
      </button>
      <button
        className="btn btn-default"
        onClick={[Function]}
        type="button"
      >
        Zrušit
      </button>
    </div>
  </div>
</span>
`;
