// Jest Snapshot v1, https://goo.gl/fbAQLP

exports[`renders content with correct props 1`] = `
<li
  className="nav-item"
>
  <a
    className="nav-link"
    onClick={[Function]}
    style={
      Object {
        "color": "#888",
        "cursor": "pointer",
      }
    }
  >
    test
  </a>
</li>
`;
